
> water-risk-saas@0.1.0 build
> next build

⚠ No build cache found. Please configure build caching for faster rebuilds. Read more: https://nextjs.org/docs/messages/no-cache
▲ Next.js 16.2.10 (Turbopack)

  Creating an optimized production build ...
✓ Compiled successfully in 4.0s
  Running TypeScript ...
  Finished TypeScript in 4.0s ...
  Collecting page data using 3 workers ...
  Generating static pages using 3 workers (0/17) ...
  Generating static pages using 3 workers (4/17) 
  Generating static pages using 3 workers (8/17) 
  Generating static pages using 3 workers (12/17) 
✓ Generating static pages using 3 workers (17/17) in 281ms
  Finalizing page optimization ...

Route (app)
┌ ○ /
├ ○ /_not-found
├ ƒ /api/bnpe
├ ƒ /api/departements
├ ƒ /api/geocode
├ ƒ /api/history
├ ƒ /api/hydro
├ ƒ /api/onde
├ ƒ /api/piezo
├ ƒ /api/pmtiles
├ ƒ /api/projection
├ ƒ /api/transition
├ ƒ /api/zones
├ ○ /icon.svg
├ ○ /methodologie
└ ○ /sites


○  (Static)   prerendered as static content
ƒ  (Dynamic)  server-rendered on demand

